DEPRECATED: The legacy builder is deprecated and will be removed in a future release.
            Install the buildx component to build images with BuildKit:
            https://docs.docker.com/go/buildx/

ERROR: (gcloud.auth.docker-helper) There was a problem refreshing your current auth tokens: Reauthentication failed. cannot prompt during non-interactive execution.
Please run:

  $ gcloud auth login

to obtain new credentials.

If you have already logged in with a different account, run:

  $ gcloud config set account ACCOUNT

to select an already authenticated account to use.
time="2026-09-22T22:31:49+03:00" level=warning msg="Failed to get credentials for registry: us-central1-docker.pkg.dev" error="error getting credentials - err: exit status 1, out: ``"
Sending build context to Docker daemon  6.735MB
Step 1/18 : FROM node:22-alpine AS builder
 ---> 395425e54d98
Step 2/18 : WORKDIR /app
 ---> Using cache
 ---> 7510e1f64f02
Step 3/18 : COPY package.json package-lock.json* ./
 ---> Using cache
 ---> 11e9bb41cf05
Step 4/18 : RUN npm ci
 ---> Using cache
 ---> 4774618f7569
Step 5/18 : COPY . .
 ---> 0771a33c987e
Step 6/18 : RUN npm run build
 ---> Running in 261942778e2d

> adversarygraph-ui@8.1.0-beta.1 build
> tsc && vite build

vite v6.4.3 building for production...
transforming...
✓ 2569 modules transformed.
rendering chunks...
computing gzip size...
dist/index.html                                          1.43 kB │ gzip:   0.62 kB
dist/assets/adversarygraph-ai-icon-192-D5LwojDi.png     49.56 kB
dist/assets/codicon-ngg6Pgfi.ttf                       121.97 kB
dist/assets/editor.worker-DyuDvpVp.js                  253.02 kB
dist/assets/json.worker-leyajbqV.js                    385.06 kB
dist/assets/graph-C5ap-Sga.css                          15.87 kB │ gzip:   2.67 kB
dist/assets/index-CdJzvs2w.css                          83.75 kB │ gzip:  14.80 kB
dist/assets/code-editor-CPvxan_g.css                   146.95 kB │ gzip:  23.14 kB
dist/assets/PcapReport-Cl72lnBv.js                       0.34 kB │ gzip:   0.27 kB
dist/assets/PermissionNotice-D5svlxfi.js                 0.51 kB │ gzip:   0.33 kB
dist/assets/queryLanguages-BSyvg0ny.js                   0.53 kB │ gzip:   0.30 kB
dist/assets/TechniqueModal-DPbrJAY1.js                   0.63 kB │ gzip:   0.42 kB
dist/assets/tslib.es6-BUas5LQb.js                        1.08 kB │ gzip:   0.54 kB
dist/assets/useAttackMatrix-BUnhIE6-.js                  1.15 kB │ gzip:   0.55 kB
dist/assets/useInfiniteQuery-Dg28sXo3.js                 1.16 kB │ gzip:   0.49 kB
dist/assets/ctiLinks-DFl3_yA-.js                         1.21 kB │ gzip:   0.66 kB
dist/assets/useSseStream-Qm0OQurn.js                     1.90 kB │ gzip:   0.78 kB
dist/assets/ReviewStateBadge-BGyYjnvp.js                 2.20 kB │ gzip:   0.97 kB
dist/assets/RelatedCvesPanel-LRswo-uK.js                 2.60 kB │ gzip:   1.05 kB
dist/assets/drag-CiPq5xC-.js                             3.14 kB │ gzip:   1.31 kB
dist/assets/with-selector-B9RYCuJj.js                    3.41 kB │ gzip:   1.51 kB
dist/assets/useQueries-DFureocR.js                       4.55 kB │ gzip:   1.89 kB
dist/assets/HelpGuide-BZMhykqv.js                        5.01 kB │ gzip:   1.62 kB
dist/assets/cpp-BbWJElDN.js                              5.16 kB │ gzip:   2.06 kB
dist/assets/AddToInvestigationButton-BzVg55eN.js         5.70 kB │ gzip:   2.42 kB
dist/assets/Examples-D3YzVdVB.js                         5.81 kB │ gzip:   2.18 kB
dist/assets/Observability-D2Uk-xLo.js                    7.25 kB │ gzip:   2.23 kB
dist/assets/malwareShared-wCwgH-2y.js                    8.23 kB │ gzip:   3.11 kB
dist/assets/string-CvptbcKz.js                           8.38 kB │ gzip:   3.59 kB
dist/assets/AttackMatrix-Co7dT61F.js                     8.71 kB │ gzip:   3.06 kB
dist/assets/PcapSummaryPanel-CbEO1wra.js                 9.82 kB │ gzip:   3.36 kB
dist/assets/Emb3d-BsAuoiBS.js                           10.00 kB │ gzip:   2.63 kB
dist/assets/IOCDetail-BsOUoIoz.js                       10.07 kB │ gzip:   3.17 kB
dist/assets/sql-ClhHkBeG.js                             10.16 kB │ gzip:   3.79 kB
dist/assets/Troubleshooting-DJiJMwSB.js                 11.49 kB │ gzip:   3.66 kB
dist/assets/Operations-DpxQM2n8.js                      11.51 kB │ gzip:   3.42 kB
dist/assets/RetroHunt-amatZOLW.js                       12.60 kB │ gzip:   3.88 kB
dist/assets/StringAnalyzer-BCcen0Y9.js                  13.11 kB │ gzip:   4.06 kB
dist/assets/SectorIntel-Y0N5XLxX.js                     13.18 kB │ gzip:   4.02 kB
dist/assets/IOCNodeDetail-CD-8tHT8.js                   14.29 kB │ gzip:   4.52 kB
dist/assets/SectorPacks-D1AGTdHB.js                     14.68 kB │ gzip:   4.08 kB
dist/assets/VirusTotalLookup-j-drtw_r.js                14.83 kB │ gzip:   3.92 kB
dist/assets/CVEIntelligence-CEP_wD71.js                 14.89 kB │ gzip:   4.75 kB
dist/assets/QueryLibrary-Dgduj3MY.js                    16.74 kB │ gzip:   5.45 kB
dist/assets/TechniquePanel-C4_xGb4C.js                  17.38 kB │ gzip:   5.47 kB
dist/assets/Pipeline-D3HTlKqH.js                        19.45 kB │ gzip:   5.20 kB
dist/assets/EvidenceGraph-Cq8UqoC3.js                   19.99 kB │ gzip:   5.68 kB
dist/assets/ReportsResearch-C4sSsz1D.js                 20.37 kB │ gzip:   6.11 kB
dist/assets/IOCLibrary-KmTHt3yG.js                      20.97 kB │ gzip:   5.84 kB
dist/assets/dialog-CLyJtT2w.js                          22.40 kB │ gzip:   8.28 kB
dist/assets/AdminUsers-B1dlkxmm.js                      22.56 kB │ gzip:   6.04 kB
dist/assets/virtual-list-CQavhdUa.js                    24.27 kB │ gzip:   7.52 kB
dist/assets/Discover-nSQAO2Cn.js                        26.81 kB │ gzip:   7.85 kB
dist/assets/cn-CEE0TfjW.js                              27.22 kB │ gzip:   8.58 kB
dist/assets/Header-CsmvG39U.js                          28.02 kB │ gzip:   9.81 kB
dist/assets/AssetSurface-CtahxANp.js                    29.96 kB │ gzip:   8.34 kB
dist/assets/FeedsManagement-CZpfgS9v.js                 30.01 kB │ gzip:   7.51 kB
dist/assets/APTLibrary-SegJ9C2V.js                      32.13 kB │ gzip:   8.45 kB
dist/assets/MalwareUnpacker-CwYhqnYN.js                 32.95 kB │ gzip:   8.39 kB
dist/assets/DynamicAnalysis-_OhjsmoY.js                 36.87 kB │ gzip:   9.43 kB
dist/assets/zoom-cqNSVwkR.js                            38.99 kB │ gzip:  12.49 kB
dist/assets/ThreatRadar-C5oTX2U6.js                     41.14 kB │ gzip:  11.57 kB
dist/assets/jsonMode-BMRJLvim.js                        41.99 kB │ gzip:  12.27 kB
dist/assets/Compare-DqiU3lgS.js                         51.32 kB │ gzip:  11.69 kB
dist/assets/data-table-63Gtionj.js                      52.16 kB │ gzip:  14.10 kB
dist/assets/ThreatRadarAssets-C3QL7RNi.js               55.55 kB │ gzip:  13.65 kB
dist/assets/Navigator-kkNO27X3.js                       58.90 kB │ gzip:  17.04 kB
dist/assets/Analyze-CKwMa_pQ.js                         59.17 kB │ gzip:  15.85 kB
dist/assets/MalwareAnalysis-Dg3STo95.js                 59.47 kB │ gzip:  13.85 kB
dist/assets/index-CoSblSuJ.js                           61.35 kB │ gzip:  17.25 kB
dist/assets/InvestigationReport-CR1kG-32.js             61.56 kB │ gzip:  18.20 kB
dist/assets/AttackSimulation-DII92G6C.js                65.27 kB │ gzip:  16.81 kB
dist/assets/IOCInvestigation-Jclm5V44.js                67.99 kB │ gzip:  19.89 kB
dist/assets/LinkedReport-CNSZBGYb.js                    68.18 kB │ gzip:  17.64 kB
dist/assets/Debugger-DBiXULcR.js                        78.92 kB │ gzip:  22.51 kB
dist/assets/ThreatHunting-Xj670qhw.js                   88.09 kB │ gzip:  24.62 kB
dist/assets/graph-BS6VStdN.js                          129.54 kB │ gzip:  41.77 kB
dist/assets/KnowledgeLibrary-8fisDHAf.js               165.87 kB │ gzip:  50.33 kB
dist/assets/Statistics-RCC5L8Qv.js                     377.90 kB │ gzip: 108.53 kB
dist/assets/index-mGVKnaJE.js                          424.86 kB │ gzip: 135.05 kB
dist/assets/code-editor-C-OtZk4K.js                  3,723.07 kB │ gzip: 963.86 kB
[91m
(!) Some chunks are larger than 500 kB after minification. Consider:
- Using dynamic import() to code-split the application
- Use build.rollupOptions.output.manualChunks to improve chunking: https://rollupjs.org/configuration-options/#output-manualchunks
- Adjust chunk size limit for this warning via build.chunkSizeWarningLimit.
[0m✓ built in 25.73s
 ---> Removed intermediate container 261942778e2d
 ---> 1f6a99d31f39
Step 7/18 : FROM nginx:alpine
 ---> 311761cac6bb
Step 8/18 : RUN apk upgrade --no-cache
 ---> Using cache
 ---> 70487d3d168d
Step 9/18 : ENV API_UPSTREAM=api:8000
 ---> Using cache
 ---> 7063eeec09aa
Step 10/18 : ENV RATE_LIMIT_PROXY_SECRET=""
 ---> Using cache
 ---> dfb5324d2f5d
Step 11/18 : COPY --from=builder /app/dist /usr/share/nginx/html
 ---> 79eec19d7a41
Step 12/18 : RUN rm -f /etc/nginx/conf.d/default.conf     && sed -i       -e '/^user[[:space:]]/d'       -e 's#^pid[[:space:]].*;#pid /tmp/nginx.pid;#'       /etc/nginx/nginx.conf     && grep -q '^pid /tmp/nginx.pid;$' /etc/nginx/nginx.conf
 ---> Running in 4341a22a1fbe
 ---> Removed intermediate container 4341a22a1fbe
 ---> e7fb067abff5
Step 13/18 : COPY nginx.conf /etc/nginx/templates/default.conf.template
 ---> 8f2da926c5fe
Step 14/18 : RUN chown -R nginx:nginx /usr/share/nginx/html /var/cache/nginx /var/log/nginx &&     chown -R nginx:nginx /etc/nginx/conf.d /etc/nginx/templates
 ---> Running in 516a3b8b2c73
 ---> Removed intermediate container 516a3b8b2c73
 ---> 3af68c5f1749
Step 15/18 : USER nginx
 ---> Running in 06a913323013
 ---> Removed intermediate container 06a913323013
 ---> 95beb69f7103
Step 16/18 : EXPOSE 8080
 ---> Running in dc4d110d6c22
 ---> Removed intermediate container dc4d110d6c22
 ---> 58c9db116a23
Step 17/18 : HEALTHCHECK --interval=30s --timeout=5s --start-period=15s --retries=3     CMD wget -qO- [local-instance] >/dev/null || exit 1
 ---> Running in 3372fefbf9b1
 ---> Removed intermediate container 3372fefbf9b1
 ---> f9b8e304b34f
Step 18/18 : CMD ["nginx", "-g", "daemon off;"]
 ---> Running in b0b1c41ea8a0
 ---> Removed intermediate container b0b1c41ea8a0
 ---> 4267ce5ac651
Successfully built 4267ce5ac651
Successfully tagged adversarygraph-frontend:summary-20260922-v6
