────────────────────────────────────────────────────────────────
Link check — /tmp/1200km-audit-release-preview
────────────────────────────────────────────────────────────────
HTML files scanned  : 1601
Internal links OK   : 155297
External URLs found : 7821 (not probed; pass --external)

BROKEN internal links / missing files: 0
MISSING anchors (#id not found in page): 0
OLD DOMAIN references (anpa1200.github.io): 129
  - ITDR/404.html: https://github.com/anpa1200/anpa1200.github.io/tree/main/ITDR
  - ITDR/docs/attacks/active-directory/acl-abuse/index.html: https://github.com/anpa1200/anpa1200.github.io/tree/main/ITDR
  - ITDR/docs/attacks/active-directory/adminsdholder-abuse/index.html: https://github.com/anpa1200/anpa1200.github.io/tree/main/ITDR
  - ITDR/docs/attacks/active-directory/asrep-roasting/index.html: https://github.com/anpa1200/anpa1200.github.io/tree/main/ITDR
  - ITDR/docs/attacks/active-directory/constrained-delegation/index.html: https://github.com/anpa1200/anpa1200.github.io/tree/main/ITDR
  - ITDR/docs/attacks/active-directory/dcshadow/index.html: https://github.com/anpa1200/anpa1200.github.io/tree/main/ITDR
  - ITDR/docs/attacks/active-directory/dcsync/index.html: https://github.com/anpa1200/anpa1200.github.io/tree/main/ITDR
  - ITDR/docs/attacks/active-directory/golden-ticket/index.html: https://github.com/anpa1200/anpa1200.github.io/tree/main/ITDR
  - ITDR/docs/attacks/active-directory/kerberoasting/index.html: https://github.com/anpa1200/anpa1200.github.io/tree/main/ITDR
  - ITDR/docs/attacks/active-directory/pass-the-hash/index.html: https://github.com/anpa1200/anpa1200.github.io/tree/main/ITDR
  - ITDR/docs/attacks/active-directory/pass-the-ticket/index.html: https://github.com/anpa1200/anpa1200.github.io/tree/main/ITDR
  - ITDR/docs/attacks/active-directory/rbcd/index.html: https://github.com/anpa1200/anpa1200.github.io/tree/main/ITDR
  - ITDR/docs/attacks/active-directory/sid-history-abuse/index.html: https://github.com/anpa1200/anpa1200.github.io/tree/main/ITDR
  - ITDR/docs/attacks/active-directory/silver-ticket/index.html: https://github.com/anpa1200/anpa1200.github.io/tree/main/ITDR
  - ITDR/docs/attacks/active-directory/skeleton-key/index.html: https://github.com/anpa1200/anpa1200.github.io/tree/main/ITDR
  - ITDR/docs/attacks/active-directory/unconstrained-delegation/index.html: https://github.com/anpa1200/anpa1200.github.io/tree/main/ITDR
  - ITDR/docs/attacks/adcs-certificates/certificate-theft/index.html: https://github.com/anpa1200/anpa1200.github.io/tree/main/ITDR
  - ITDR/docs/attacks/adcs-certificates/esc1-template-abuse/index.html: https://github.com/anpa1200/anpa1200.github.io/tree/main/ITDR
  - ITDR/docs/attacks/adcs-certificates/esc4-esc8/index.html: https://github.com/anpa1200/anpa1200.github.io/tree/main/ITDR
  - ITDR/docs/attacks/cross-platform/credential-stuffing/index.html: https://github.com/anpa1200/anpa1200.github.io/tree/main/ITDR
  - ITDR/docs/attacks/cross-platform/hybrid-attack-chains/index.html: https://github.com/anpa1200/anpa1200.github.io/tree/main/ITDR
  - ITDR/docs/attacks/cross-platform/mfa-bypass-techniques/index.html: https://github.com/anpa1200/anpa1200.github.io/tree/main/ITDR
  - ITDR/docs/attacks/entra-cloud/aitm-phishing/index.html: https://github.com/anpa1200/anpa1200.github.io/tree/main/ITDR
  - ITDR/docs/attacks/entra-cloud/conditional-access-bypass/index.html: https://github.com/anpa1200/anpa1200.github.io/tree/main/ITDR
  - ITDR/docs/attacks/entra-cloud/device-code-phishing/index.html: https://github.com/anpa1200/anpa1200.github.io/tree/main/ITDR
  - ITDR/docs/attacks/entra-cloud/golden-saml/index.html: https://github.com/anpa1200/anpa1200.github.io/tree/main/ITDR
  - ITDR/docs/attacks/entra-cloud/illicit-consent-grant/index.html: https://github.com/anpa1200/anpa1200.github.io/tree/main/ITDR
  - ITDR/docs/attacks/entra-cloud/managed-identity-abuse/index.html: https://github.com/anpa1200/anpa1200.github.io/tree/main/ITDR
  - ITDR/docs/attacks/entra-cloud/mfa-fatigue/index.html: https://github.com/anpa1200/anpa1200.github.io/tree/main/ITDR
  - ITDR/docs/attacks/entra-cloud/oauth-token-theft/index.html: https://github.com/anpa1200/anpa1200.github.io/tree/main/ITDR
  - ITDR/docs/attacks/entra-cloud/pass-the-prt/index.html: https://github.com/anpa1200/anpa1200.github.io/tree/main/ITDR
  - ITDR/docs/attacks/entra-cloud/scim-abuse/index.html: https://github.com/anpa1200/anpa1200.github.io/tree/main/ITDR
  - ITDR/docs/attacks/entra-cloud/service-principal-abuse/index.html: https://github.com/anpa1200/anpa1200.github.io/tree/main/ITDR
  - ITDR/docs/attacks/saas/api-token-abuse/index.html: https://github.com/anpa1200/anpa1200.github.io/tree/main/ITDR
  - ITDR/docs/attacks/saas/oauth-app-abuse/index.html: https://github.com/anpa1200/anpa1200.github.io/tree/main/ITDR
  - ITDR/docs/attacks/saas/session-hijacking/index.html: https://github.com/anpa1200/anpa1200.github.io/tree/main/ITDR
  - ITDR/docs/attacks/saas/shadow-admin/index.html: https://github.com/anpa1200/anpa1200.github.io/tree/main/ITDR
  - ITDR/docs/detection/ad-attack-detection/detect-acl-abuse/index.html: https://github.com/anpa1200/anpa1200.github.io/tree/main/ITDR
  - ITDR/docs/detection/ad-attack-detection/detect-asrep-roasting/index.html: https://github.com/anpa1200/anpa1200.github.io/tree/main/ITDR
  - ITDR/docs/detection/ad-attack-detection/detect-dcsync/index.html: https://github.com/anpa1200/anpa1200.github.io/tree/main/ITDR
  - ITDR/docs/detection/ad-attack-detection/detect-golden-ticket/index.html: https://github.com/anpa1200/anpa1200.github.io/tree/main/ITDR
  - ITDR/docs/detection/ad-attack-detection/detect-kerberoasting/index.html: https://github.com/anpa1200/anpa1200.github.io/tree/main/ITDR
  - ITDR/docs/detection/ad-attack-detection/detect-pass-the-hash/index.html: https://github.com/anpa1200/anpa1200.github.io/tree/main/ITDR
  - ITDR/docs/detection/ad-attack-detection/detect-pass-the-ticket/index.html: https://github.com/anpa1200/anpa1200.github.io/tree/main/ITDR
  - ITDR/docs/detection/adcs-detection/detect-certificate-attacks/index.html: https://github.com/anpa1200/anpa1200.github.io/tree/main/ITDR
  - ITDR/docs/detection/cloud-attack-detection/detect-device-code-phishing/index.html: https://github.com/anpa1200/anpa1200.github.io/tree/main/ITDR
  - ITDR/docs/detection/cloud-attack-detection/detect-golden-saml/index.html: https://github.com/anpa1200/anpa1200.github.io/tree/main/ITDR
  - ITDR/docs/detection/cloud-attack-detection/detect-mfa-fatigue/index.html: https://github.com/anpa1200/anpa1200.github.io/tree/main/ITDR
  - ITDR/docs/detection/cloud-attack-detection/detect-oauth-abuse/index.html: https://github.com/anpa1200/anpa1200.github.io/tree/main/ITDR
  - ITDR/docs/detection/detection-framework/index.html: https://github.com/anpa1200/anpa1200.github.io/tree/main/ITDR
  - ITDR/docs/identity-foundations/identity-as-perimeter/index.html: https://github.com/anpa1200/anpa1200.github.io/tree/main/ITDR
  - ITDR/docs/identity-foundations/identity-attack-surface/index.html: https://github.com/anpa1200/anpa1200.github.io/tree/main/ITDR
  - ITDR/docs/identity-foundations/identity-frameworks/index.html: https://github.com/anpa1200/anpa1200.github.io/tree/main/ITDR
  - ITDR/docs/identity-foundations/what-is-identity/index.html: https://github.com/anpa1200/anpa1200.github.io/tree/main/ITDR
  - ITDR/docs/identity-foundations/what-is-itdr/index.html: https://github.com/anpa1200/anpa1200.github.io/tree/main/ITDR
  - ITDR/docs/iga/iga-overview/index.html: https://github.com/anpa1200/anpa1200.github.io/tree/main/ITDR
  - ITDR/docs/intro/index.html: https://github.com/anpa1200/anpa1200.github.io/tree/main/ITDR
  - ITDR/docs/itdr-vendors/itdr-vendor-landscape/index.html: https://github.com/anpa1200/anpa1200.github.io/tree/main/ITDR
  - ITDR/docs/labs/lab-ad-setup/index.html: https://github.com/anpa1200/anpa1200.github.io/tree/main/ITDR
  - ITDR/docs/labs/lab-architecture/index.html: https://github.com/anpa1200/anpa1200.github.io/tree/main/ITDR
  - ITDR/docs/labs/lab-entra-setup/index.html: https://github.com/anpa1200/anpa1200.github.io/tree/main/ITDR
  - ITDR/docs/labs/lab-linux-setup/index.html: https://github.com/anpa1200/anpa1200.github.io/tree/main/ITDR
  - ITDR/docs/labs/lab-okta-setup/index.html: https://github.com/anpa1200/anpa1200.github.io/tree/main/ITDR
  - ITDR/docs/mfa/mfa-technologies/index.html: https://github.com/anpa1200/anpa1200.github.io/tree/main/ITDR
  - ITDR/docs/pam/pam-overview/index.html: https://github.com/anpa1200/anpa1200.github.io/tree/main/ITDR
  - ITDR/docs/protocols/active-directory/ad-overview/index.html: https://github.com/anpa1200/anpa1200.github.io/tree/main/ITDR
  - ITDR/docs/protocols/active-directory/ad-trusts/index.html: https://github.com/anpa1200/anpa1200.github.io/tree/main/ITDR
  - ITDR/docs/protocols/active-directory/adcs/index.html: https://github.com/anpa1200/anpa1200.github.io/tree/main/ITDR
  - ITDR/docs/protocols/active-directory/group-policy/index.html: https://github.com/anpa1200/anpa1200.github.io/tree/main/ITDR
  - ITDR/docs/protocols/active-directory/kerberos/index.html: https://github.com/anpa1200/anpa1200.github.io/tree/main/ITDR
  - ITDR/docs/protocols/active-directory/ldap/index.html: https://github.com/anpa1200/anpa1200.github.io/tree/main/ITDR
  - ITDR/docs/protocols/active-directory/ntlm/index.html: https://github.com/anpa1200/anpa1200.github.io/tree/main/ITDR
  - ITDR/docs/protocols/active-directory/spnego-gssapi/index.html: https://github.com/anpa1200/anpa1200.github.io/tree/main/ITDR
  - ITDR/docs/protocols/aws-iam/aws-cognito/index.html: https://github.com/anpa1200/anpa1200.github.io/tree/main/ITDR
  - ITDR/docs/protocols/aws-iam/aws-iam-overview/index.html: https://github.com/anpa1200/anpa1200.github.io/tree/main/ITDR
  - ITDR/docs/protocols/aws-iam/aws-sts/index.html: https://github.com/anpa1200/anpa1200.github.io/tree/main/ITDR
  - ITDR/docs/protocols/aws-iam/iam-identity-center/index.html: https://github.com/anpa1200/anpa1200.github.io/tree/main/ITDR
  - ITDR/docs/protocols/cloud-idp/auth0/index.html: https://github.com/anpa1200/anpa1200.github.io/tree/main/ITDR
  - ITDR/docs/protocols/cloud-idp/duo-security/index.html: https://github.com/anpa1200/anpa1200.github.io/tree/main/ITDR
  - ITDR/docs/protocols/cloud-idp/jumpcloud/index.html: https://github.com/anpa1200/anpa1200.github.io/tree/main/ITDR
  - ITDR/docs/protocols/cloud-idp/onelogin/index.html: https://github.com/anpa1200/anpa1200.github.io/tree/main/ITDR
  - ITDR/docs/protocols/cloud-idp/ping-identity/index.html: https://github.com/anpa1200/anpa1200.github.io/tree/main/ITDR
  - ITDR/docs/protocols/entra-id/conditional-access/index.html: https://github.com/anpa1200/anpa1200.github.io/tree/main/ITDR
  - ITDR/docs/protocols/entra-id/entra-connect-sync/index.html: https://github.com/anpa1200/anpa1200.github.io/tree/main/ITDR
  - ITDR/docs/protocols/entra-id/entra-overview/index.html: https://github.com/anpa1200/anpa1200.github.io/tree/main/ITDR
  - ITDR/docs/protocols/entra-id/identity-protection/index.html: https://github.com/anpa1200/anpa1200.github.io/tree/main/ITDR
  - ITDR/docs/protocols/entra-id/oauth2/index.html: https://github.com/anpa1200/anpa1200.github.io/tree/main/ITDR
  - ITDR/docs/protocols/entra-id/oidc/index.html: https://github.com/anpa1200/anpa1200.github.io/tree/main/ITDR
  - ITDR/docs/protocols/entra-id/pim/index.html: https://github.com/anpa1200/anpa1200.github.io/tree/main/ITDR
  - ITDR/docs/protocols/entra-id/saml/index.html: https://github.com/anpa1200/anpa1200.github.io/tree/main/ITDR
  - ITDR/docs/protocols/entra-id/ws-federation/index.html: https://github.com/anpa1200/anpa1200.github.io/tree/main/ITDR
  - ITDR/docs/protocols/google-workspace/gcp-iam/index.html: https://github.com/anpa1200/anpa1200.github.io/tree/main/ITDR
  - ITDR/docs/protocols/google-workspace/gws-overview/index.html: https://github.com/anpa1200/anpa1200.github.io/tree/main/ITDR
  - ITDR/docs/protocols/google-workspace/gws-saml-oidc/index.html: https://github.com/anpa1200/anpa1200.github.io/tree/main/ITDR
  - ITDR/docs/protocols/google-workspace/workload-identity-federation/index.html: https://github.com/anpa1200/anpa1200.github.io/tree/main/ITDR
  - ITDR/docs/protocols/kubernetes/k8s-rbac/index.html: https://github.com/anpa1200/anpa1200.github.io/tree/main/ITDR
  - ITDR/docs/protocols/kubernetes/k8s-service-accounts/index.html: https://github.com/anpa1200/anpa1200.github.io/tree/main/ITDR
  - ITDR/docs/protocols/kubernetes/spiffe-spire/index.html: https://github.com/anpa1200/anpa1200.github.io/tree/main/ITDR
  - ITDR/docs/protocols/linux-identity/linux-kerberos/index.html: https://github.com/anpa1200/anpa1200.github.io/tree/main/ITDR
  - ITDR/docs/protocols/linux-identity/linux-pam/index.html: https://github.com/anpa1200/anpa1200.github.io/tree/main/ITDR
  - ITDR/docs/protocols/linux-identity/linux-sssd/index.html: https://github.com/anpa1200/anpa1200.github.io/tree/main/ITDR
  - ITDR/docs/protocols/linux-identity/linux-sudo/index.html: https://github.com/anpa1200/anpa1200.github.io/tree/main/ITDR
  - ITDR/docs/protocols/network-auth/radius/index.html: https://github.com/anpa1200/anpa1200.github.io/tree/main/ITDR
  - ITDR/docs/protocols/network-auth/tacacs-plus/index.html: https://github.com/anpa1200/anpa1200.github.io/tree/main/ITDR
  - ITDR/docs/protocols/okta/okta-mfa/index.html: https://github.com/anpa1200/anpa1200.github.io/tree/main/ITDR
  - ITDR/docs/protocols/okta/okta-overview/index.html: https://github.com/anpa1200/anpa1200.github.io/tree/main/ITDR
  - ITDR/docs/protocols/okta/okta-policies/index.html: https://github.com/anpa1200/anpa1200.github.io/tree/main/ITDR
  - ITDR/docs/protocols/okta/okta-scim/index.html: https://github.com/anpa1200/anpa1200.github.io/tree/main/ITDR
  - ITDR/docs/protocols/open-source-directories/389ds/index.html: https://github.com/anpa1200/anpa1200.github.io/tree/main/ITDR
  - ITDR/docs/protocols/open-source-directories/freeipa/index.html: https://github.com/anpa1200/anpa1200.github.io/tree/main/ITDR
  - ITDR/docs/protocols/open-source-directories/openldap/index.html: https://github.com/anpa1200/anpa1200.github.io/tree/main/ITDR
  - ITDR/docs/protocols/pki-certificates/fido2-webauthn/index.html: https://github.com/anpa1200/anpa1200.github.io/tree/main/ITDR
  - ITDR/docs/protocols/pki-certificates/passkeys/index.html: https://github.com/anpa1200/anpa1200.github.io/tree/main/ITDR
  - ITDR/docs/protocols/pki-certificates/pki-overview/index.html: https://github.com/anpa1200/anpa1200.github.io/tree/main/ITDR
  - ITDR/docs/protocols/pki-certificates/smart-cards/index.html: https://github.com/anpa1200/anpa1200.github.io/tree/main/ITDR
  - ITDR/docs/protocols/pki-certificates/x509-certificates/index.html: https://github.com/anpa1200/anpa1200.github.io/tree/main/ITDR
  - ITDR/docs/roadmap/index.html: https://github.com/anpa1200/anpa1200.github.io/tree/main/ITDR
  - ITDR/docs/saas-platforms/github-identity/index.html: https://github.com/anpa1200/anpa1200.github.io/tree/main/ITDR
  - ITDR/docs/saas-platforms/m365-identity/index.html: https://github.com/anpa1200/anpa1200.github.io/tree/main/ITDR
  - ITDR/docs/simulations/scenarios/certificate-escalation/index.html: https://github.com/anpa1200/anpa1200.github.io/tree/main/ITDR
  - ITDR/docs/simulations/scenarios/cloud-identity-takeover/index.html: https://github.com/anpa1200/anpa1200.github.io/tree/main/ITDR
  - ITDR/docs/simulations/scenarios/domain-compromise-chain/index.html: https://github.com/anpa1200/anpa1200.github.io/tree/main/ITDR
  - ITDR/docs/simulations/scenarios/hybrid-golden-saml/index.html: https://github.com/anpa1200/anpa1200.github.io/tree/main/ITDR
  - ITDR/docs/simulations/simulation-framework/index.html: https://github.com/anpa1200/anpa1200.github.io/tree/main/ITDR
  - ITDR/index.html: https://github.com/anpa1200/anpa1200.github.io/tree/main/ITDR
  - cti.html: https://github.com/anpa1200/anpa1200.github.io/tree/main/ITDR
  - cyber-knowledge/editorial-policy/index.html: https://github.com/anpa1200/anpa1200.github.io/issues/new
  - external-validation.html: https://github.com/anpa1200/anpa1200.github.io/issues/new?template=adoption-evidence.yml
  - references/page/64/index.html: https://github.com/anpa1200/anpa1200.github.io/tree/main/ITDR

────────────────────────────────────────────────────────────────
PASS — no broken internal links or anchors.
────────────────────────────────────────────────────────────────
