SEO release validation failed with 204 issue(s):
- israel-government-threat-actors-cti/actors/apt39/index.html: expected exactly one H1, found 2
- israel-government-threat-actors-cti/actors/darkbit/index.html: expected exactly one H1, found 2
- israel-government-threat-actors-cti/actors/imperial-kitten/index.html: expected exactly one H1, found 2
- israel-government-threat-actors-cti/actors/lyceum/index.html: expected exactly one H1, found 2
- israel-government-threat-actors-cti/actors/pioneer-kitten/index.html: expected exactly one H1, found 2
- israel-government-threat-actors-cti/actors/scarred-manticore/index.html: expected exactly one H1, found 2
- israel-government-threat-actors-cti/actors/unc1860/index.html: expected exactly one H1, found 2
- israel-government-threat-actors-cti/reports/apt39-arid-viper-unc3890-cyber-toufan-deep-research/index.html: expected exactly one H1, found 4
- israel-government-threat-actors-cti/reports/muddywater-deep-research/index.html: expected exactly one H1, found 14
- israel-government-threat-actors-cti/reports/oilrig-magic-hound-deep-research/index.html: expected exactly one H1, found 2
- israel-government-threat-actors-cti/reports/israel-critical-infrastructure-escalation/index.html: document title remains excessively long (124 characters)
- sitemap-all.xml has no accurate lastmod for https://1200km.com/israel-government-threat-actors-cti/
- sitemap-all.xml has no accurate lastmod for https://1200km.com/israel-government-threat-actors-cti/actors/
- sitemap-all.xml has no accurate lastmod for https://1200km.com/israel-government-threat-actors-cti/actors/agrius/
- sitemap-all.xml has no accurate lastmod for https://1200km.com/israel-government-threat-actors-cti/actors/apt35/
- sitemap-all.xml has no accurate lastmod for https://1200km.com/israel-government-threat-actors-cti/actors/apt39/
- sitemap-all.xml has no accurate lastmod for https://1200km.com/israel-government-threat-actors-cti/actors/apt42/
- sitemap-all.xml has no accurate lastmod for https://1200km.com/israel-government-threat-actors-cti/actors/arid-viper/
- sitemap-all.xml has no accurate lastmod for https://1200km.com/israel-government-threat-actors-cti/actors/cotton-sandstorm/
- sitemap-all.xml has no accurate lastmod for https://1200km.com/israel-government-threat-actors-cti/actors/cyber-toufan/
- sitemap-all.xml has no accurate lastmod for https://1200km.com/israel-government-threat-actors-cti/actors/cyberav3ngers/
- sitemap-all.xml has no accurate lastmod for https://1200km.com/israel-government-threat-actors-cti/actors/darkbit/
- sitemap-all.xml has no accurate lastmod for https://1200km.com/israel-government-threat-actors-cti/actors/handala/
- sitemap-all.xml has no accurate lastmod for https://1200km.com/israel-government-threat-actors-cti/actors/imperial-kitten/
- sitemap-all.xml has no accurate lastmod for https://1200km.com/israel-government-threat-actors-cti/actors/lebanese-cedar/
- sitemap-all.xml has no accurate lastmod for https://1200km.com/israel-government-threat-actors-cti/actors/lyceum/
- sitemap-all.xml has no accurate lastmod for https://1200km.com/israel-government-threat-actors-cti/actors/muddywater/
- sitemap-all.xml has no accurate lastmod for https://1200km.com/israel-government-threat-actors-cti/actors/oilrig/
- sitemap-all.xml has no accurate lastmod for https://1200km.com/israel-government-threat-actors-cti/actors/pioneer-kitten/
- sitemap-all.xml has no accurate lastmod for https://1200km.com/israel-government-threat-actors-cti/actors/scarred-manticore/
- sitemap-all.xml has no accurate lastmod for https://1200km.com/israel-government-threat-actors-cti/actors/ta402/
- sitemap-all.xml has no accurate lastmod for https://1200km.com/israel-government-threat-actors-cti/actors/unc1860/
- sitemap-all.xml has no accurate lastmod for https://1200km.com/israel-government-threat-actors-cti/actors/unc3890/
- sitemap-all.xml has no accurate lastmod for https://1200km.com/israel-government-threat-actors-cti/actors/wirte/
- sitemap-all.xml has no accurate lastmod for https://1200km.com/israel-government-threat-actors-cti/connected-tips/
- sitemap-all.xml has no accurate lastmod for https://1200km.com/israel-government-threat-actors-cti/customer-environment-use/
- sitemap-all.xml has no accurate lastmod for https://1200km.com/israel-government-threat-actors-cti/detection-engineering/backend-conversion-results/
- sitemap-all.xml has no accurate lastmod for https://1200km.com/israel-government-threat-actors-cti/detection-engineering/detection-lifecycle/
- sitemap-all.xml has no accurate lastmod for https://1200km.com/israel-government-threat-actors-cti/detection-engineering/detection-status-dashboard/
- sitemap-all.xml has no accurate lastmod for https://1200km.com/israel-government-threat-actors-cti/detection-engineering/drl-evidence-packs/
- sitemap-all.xml has no accurate lastmod for https://1200km.com/israel-government-threat-actors-cti/detection-engineering/platform-field-mapping/
- sitemap-all.xml has no accurate lastmod for https://1200km.com/israel-government-threat-actors-cti/detection-engineering/platform-query-variants/
- sitemap-all.xml has no accurate lastmod for https://1200km.com/israel-government-threat-actors-cti/detection-engineering/quality-gates/
- sitemap-all.xml has no accurate lastmod for https://1200km.com/israel-government-threat-actors-cti/detection-engineering/replay-datasets/
- sitemap-all.xml has no accurate lastmod for https://1200km.com/israel-government-threat-actors-cti/detection-engineering/sigma-validation-results/
- sitemap-all.xml has no accurate lastmod for https://1200km.com/israel-government-threat-actors-cti/detection-engineering/soc-handoff-packet/
- sitemap-all.xml has no accurate lastmod for https://1200km.com/israel-government-threat-actors-cti/detection-engineering/soc-triage-playbooks/
- sitemap-all.xml has no accurate lastmod for https://1200km.com/israel-government-threat-actors-cti/ecosystem/
- sitemap-all.xml has no accurate lastmod for https://1200km.com/israel-government-threat-actors-cti/fact-correlation/
- sitemap-all.xml has no accurate lastmod for https://1200km.com/israel-government-threat-actors-cti/intelligence-updates/
- sitemap-all.xml has no accurate lastmod for https://1200km.com/israel-government-threat-actors-cti/israel-government-threat-model/
- sitemap-all.xml has no accurate lastmod for https://1200km.com/israel-government-threat-actors-cti/known-limitations/
- sitemap-all.xml has no accurate lastmod for https://1200km.com/israel-government-threat-actors-cti/malware-tool-intelligence/
- sitemap-all.xml has no accurate lastmod for https://1200km.com/israel-government-threat-actors-cti/methodology/artifact-contracts/
- sitemap-all.xml has no accurate lastmod for https://1200km.com/israel-government-threat-actors-cti/methodology/operating-standard/
- sitemap-all.xml has no accurate lastmod for https://1200km.com/israel-government-threat-actors-cti/methodology/scoring-models/
- sitemap-all.xml has no accurate lastmod for https://1200km.com/israel-government-threat-actors-cti/methodology/source-freshness/
- sitemap-all.xml has no accurate lastmod for https://1200km.com/israel-government-threat-actors-cti/navigation/actor-workbench/
- sitemap-all.xml has no accurate lastmod for https://1200km.com/israel-government-threat-actors-cti/navigation/surface-capability-matrix/
- sitemap-all.xml has no accurate lastmod for https://1200km.com/israel-government-threat-actors-cti/navigation/ttp-detection-matrix/
- sitemap-all.xml has no accurate lastmod for https://1200km.com/israel-government-threat-actors-cti/reports/
- sitemap-all.xml has no accurate lastmod for https://1200km.com/israel-government-threat-actors-cti/reports/actor-deep-research-prompts/
- sitemap-all.xml has no accurate lastmod for https://1200km.com/israel-government-threat-actors-cti/reports/additional-research-gemeni/
- sitemap-all.xml has no accurate lastmod for https://1200km.com/israel-government-threat-actors-cti/reports/andrey-medium-articles/
- sitemap-all.xml has no accurate lastmod for https://1200km.com/israel-government-threat-actors-cti/reports/apt35-oilrig-israel-deep-research/
- sitemap-all.xml has no accurate lastmod for https://1200km.com/israel-government-threat-actors-cti/reports/apt39-arid-viper-unc3890-cyber-toufan-deep-research/
- sitemap-all.xml has no accurate lastmod for https://1200km.com/israel-government-threat-actors-cti/reports/ci-validation-evidence/
- sitemap-all.xml has no accurate lastmod for https://1200km.com/israel-government-threat-actors-cti/reports/defensive-cti-threats-to-israeli-public-sector/
- sitemap-all.xml has no accurate lastmod for https://1200km.com/israel-government-threat-actors-cti/reports/israel-critical-infrastructure-escalation/
- sitemap-all.xml has no accurate lastmod for https://1200km.com/israel-government-threat-actors-cti/reports/muddywater-deep-research/
- sitemap-all.xml has no accurate lastmod for https://1200km.com/israel-government-threat-actors-cti/reports/pioneer-kitten-deep-research/
- sitemap-all.xml has no accurate lastmod for https://1200km.com/israel-government-threat-actors-cti/reports/release-notes/
- sitemap-all.xml has no accurate lastmod for https://1200km.com/israel-government-threat-actors-cti/reports/research-intake-upgrade-summary/
- sitemap-all.xml has no accurate lastmod for https://1200km.com/israel-government-threat-actors-cti/reports/resourses_research/
- sitemap-all.xml has no accurate lastmod for https://1200km.com/israel-government-threat-actors-cti/reports/worked-cases/
- sitemap-all.xml has no accurate lastmod for https://1200km.com/israel-government-threat-actors-cti/source-rating/
- sitemap-all.xml has no accurate lastmod for https://1200km.com/israel-government-threat-actors-cti/threat-hunting/hunt-workflow/
- sitemap-all.xml has no accurate lastmod for https://1200km.com/israel-government-threat-actors-cti/tools/
- sitemap-all.xml has no accurate lastmod for https://1200km.com/israel-government-threat-actors-cti/tools/antak-aspxspy/
- sitemap-all.xml has no accurate lastmod for https://1200km.com/israel-government-threat-actors-cti/tools/apostle/
- sitemap-all.xml has no accurate lastmod for https://1200km.com/israel-government-threat-actors-cti/tools/aridspy/
- sitemap-all.xml has no accurate lastmod for https://1200km.com/israel-government-threat-actors-cti/tools/ashtag/
- sitemap-all.xml has no accurate lastmod for https://1200km.com/israel-government-threat-actors-cti/tools/aspxspy/
- sitemap-all.xml has no accurate lastmod for https://1200km.com/israel-government-threat-actors-cti/tools/bfg-agonizer/
- sitemap-all.xml has no accurate lastmod for https://1200km.com/israel-government-threat-actors-cti/tools/bibi-bibi-wiper-lineage/
- sitemap-all.xml has no accurate lastmod for https://1200km.com/israel-government-threat-actors-cti/tools/bitsadmin/
- sitemap-all.xml has no accurate lastmod for https://1200km.com/israel-government-threat-actors-cti/tools/blackbeard/
- sitemap-all.xml has no accurate lastmod for https://1200km.com/israel-government-threat-actors-cti/tools/blackshadow/
- sitemap-all.xml has no accurate lastmod for https://1200km.com/israel-government-threat-actors-cti/tools/bondupdater/
- sitemap-all.xml has no accurate lastmod for https://1200km.com/israel-government-threat-actors-cti/tools/bugsleep/
- sitemap-all.xml has no accurate lastmod for https://1200km.com/israel-government-threat-actors-cti/tools/cadelspy/
- sitemap-all.xml has no accurate lastmod for https://1200km.com/israel-government-threat-actors-cti/tools/caterpillar-webshell/
- sitemap-all.xml has no accurate lastmod for https://1200km.com/israel-government-threat-actors-cti/tools/certutil/
- sitemap-all.xml has no accurate lastmod for https://1200km.com/israel-government-threat-actors-cti/tools/charmpower/
- sitemap-all.xml has no accurate lastmod for https://1200km.com/israel-government-threat-actors-cti/tools/chimneysweep/
- sitemap-all.xml has no accurate lastmod for https://1200km.com/israel-government-threat-actors-cti/tools/connectwise/
- sitemap-all.xml has no accurate lastmod for https://1200km.com/israel-government-threat-actors-cti/tools/crackmapexec/
- sitemap-all.xml has no accurate lastmod for https://1200km.com/israel-government-threat-actors-cti/tools/cryptoslay/
- sitemap-all.xml has no accurate lastmod for https://1200km.com/israel-government-threat-actors-cti/tools/cyber-toufan-supplier-access-playbook/
- sitemap-all.xml has no accurate lastmod for https://1200km.com/israel-government-threat-actors-cti/tools/danbot/
- sitemap-all.xml has no accurate lastmod for https://1200km.com/israel-government-threat-actors-cti/tools/darkbit-ransomware/
- sitemap-all.xml has no accurate lastmod for https://1200km.com/israel-government-threat-actors-cti/tools/dchspy/
- sitemap-all.xml has no accurate lastmod for https://1200km.com/israel-government-threat-actors-cti/tools/deadwood/
- sitemap-all.xml has no accurate lastmod for https://1200km.com/israel-government-threat-actors-cti/tools/desert-scorpion/
- sitemap-all.xml has no accurate lastmod for https://1200km.com/israel-government-threat-actors-cti/tools/dindoor/
- sitemap-all.xml has no accurate lastmod for https://1200km.com/israel-government-threat-actors-cti/tools/dnssystem/
- sitemap-all.xml has no accurate lastmod for https://1200km.com/israel-government-threat-actors-cti/tools/downpaper/
- sitemap-all.xml has no accurate lastmod for https://1200km.com/israel-government-threat-actors-cti/tools/empire/
- sitemap-all.xml has no accurate lastmod for https://1200km.com/israel-government-threat-actors-cti/tools/explosive-rat/
- sitemap-all.xml has no accurate lastmod for https://1200km.com/israel-government-threat-actors-cti/tools/fakeset/
- sitemap-all.xml has no accurate lastmod for https://1200km.com/israel-government-threat-actors-cti/tools/fooder-muddyviper/
- sitemap-all.xml has no accurate lastmod for https://1200km.com/israel-government-threat-actors-cti/tools/frozencell/
- sitemap-all.xml has no accurate lastmod for https://1200km.com/israel-government-threat-actors-cti/tools/frp-plink/
- sitemap-all.xml has no accurate lastmod for https://1200km.com/israel-government-threat-actors-cti/tools/ftp/
- sitemap-all.xml has no accurate lastmod for https://1200km.com/israel-government-threat-actors-cti/tools/handala-linked-destructive-installer-chains/
- sitemap-all.xml has no accurate lastmod for https://1200km.com/israel-government-threat-actors-cti/tools/helminth/
- sitemap-all.xml has no accurate lastmod for https://1200km.com/israel-government-threat-actors-cti/tools/imaploader/
- sitemap-all.xml has no accurate lastmod for https://1200km.com/israel-government-threat-actors-cti/tools/impacket/
- sitemap-all.xml has no accurate lastmod for https://1200km.com/israel-government-threat-actors-cti/tools/iocontrol/
- sitemap-all.xml has no accurate lastmod for https://1200km.com/israel-government-threat-actors-cti/tools/ipconfig/
- sitemap-all.xml has no accurate lastmod for https://1200km.com/israel-government-threat-actors-cti/tools/ipsec-helper/
- sitemap-all.xml has no accurate lastmod for https://1200km.com/israel-government-threat-actors-cti/tools/ironwind/
- sitemap-all.xml has no accurate lastmod for https://1200km.com/israel-government-threat-actors-cti/tools/isminjector/
- sitemap-all.xml has no accurate lastmod for https://1200km.com/israel-government-threat-actors-cti/tools/kevin/
- sitemap-all.xml has no accurate lastmod for https://1200km.com/israel-government-threat-actors-cti/tools/koadic/
- sitemap-all.xml has no accurate lastmod for https://1200km.com/israel-government-threat-actors-cti/tools/lazagne/
- sitemap-all.xml has no accurate lastmod for https://1200km.com/israel-government-threat-actors-cti/tools/liontail/
- sitemap-all.xml has no accurate lastmod for https://1200km.com/israel-government-threat-actors-cti/tools/lp-notes/
- sitemap-all.xml has no accurate lastmod for https://1200km.com/israel-government-threat-actors-cti/tools/mango/
- sitemap-all.xml has no accurate lastmod for https://1200km.com/israel-government-threat-actors-cti/tools/mechaflounder/
- sitemap-all.xml has no accurate lastmod for https://1200km.com/israel-government-threat-actors-cti/tools/micropsia/
- sitemap-all.xml has no accurate lastmod for https://1200km.com/israel-government-threat-actors-cti/tools/milan/
- sitemap-all.xml has no accurate lastmod for https://1200km.com/israel-government-threat-actors-cti/tools/mimikatz-sqlmap-havij/
- sitemap-all.xml has no accurate lastmod for https://1200km.com/israel-government-threat-actors-cti/tools/mimikatz/
- sitemap-all.xml has no accurate lastmod for https://1200km.com/israel-government-threat-actors-cti/tools/moneybird/
- sitemap-all.xml has no accurate lastmod for https://1200km.com/israel-government-threat-actors-cti/tools/mori/
- sitemap-all.xml has no accurate lastmod for https://1200km.com/israel-government-threat-actors-cti/tools/multilayer-wiper/
- sitemap-all.xml has no accurate lastmod for https://1200km.com/israel-government-threat-actors-cti/tools/nbtscan/
- sitemap-all.xml has no accurate lastmod for https://1200km.com/israel-government-threat-actors-cti/tools/net/
- sitemap-all.xml has no accurate lastmod for https://1200km.com/israel-government-threat-actors-cti/tools/netsh/
- sitemap-all.xml has no accurate lastmod for https://1200km.com/israel-government-threat-actors-cti/tools/netstat/
- sitemap-all.xml has no accurate lastmod for https://1200km.com/israel-government-threat-actors-cti/tools/ngrok-ligolo/
- sitemap-all.xml has no accurate lastmod for https://1200km.com/israel-government-threat-actors-cti/tools/ngrok/
- sitemap-all.xml has no accurate lastmod for https://1200km.com/israel-government-threat-actors-cti/tools/nicecurl/
- sitemap-all.xml has no accurate lastmod for https://1200km.com/israel-government-threat-actors-cti/tools/odagent/
- sitemap-all.xml has no accurate lastmod for https://1200km.com/israel-government-threat-actors-cti/tools/oilbooster/
- sitemap-all.xml has no accurate lastmod for https://1200km.com/israel-government-threat-actors-cti/tools/oilcheck/
- sitemap-all.xml has no accurate lastmod for https://1200km.com/israel-government-threat-actors-cti/tools/oopsie/
- sitemap-all.xml has no accurate lastmod for https://1200km.com/israel-government-threat-actors-cti/tools/out1/
- sitemap-all.xml has no accurate lastmod for https://1200km.com/israel-government-threat-actors-cti/tools/phenakite/
- sitemap-all.xml has no accurate lastmod for https://1200km.com/israel-government-threat-actors-cti/tools/ping/
- sitemap-all.xml has no accurate lastmod for https://1200km.com/israel-government-threat-actors-cti/tools/pipesnoop/
- sitemap-all.xml has no accurate lastmod for https://1200km.com/israel-government-threat-actors-cti/tools/poshc2/
- sitemap-all.xml has no accurate lastmod for https://1200km.com/israel-government-threat-actors-cti/tools/powerexchange/
- sitemap-all.xml has no accurate lastmod for https://1200km.com/israel-government-threat-actors-cti/tools/powerless/
- sitemap-all.xml has no accurate lastmod for https://1200km.com/israel-government-threat-actors-cti/tools/powerpost/
- sitemap-all.xml has no accurate lastmod for https://1200km.com/israel-government-threat-actors-cti/tools/powersploit/
- sitemap-all.xml has no accurate lastmod for https://1200km.com/israel-government-threat-actors-cti/tools/powerstats/
- sitemap-all.xml has no accurate lastmod for https://1200km.com/israel-government-threat-actors-cti/tools/powgoop/
- sitemap-all.xml has no accurate lastmod for https://1200km.com/israel-government-threat-actors-cti/tools/powruner/
- sitemap-all.xml has no accurate lastmod for https://1200km.com/israel-government-threat-actors-cti/tools/psexec/
- sitemap-all.xml has no accurate lastmod for https://1200km.com/israel-government-threat-actors-cti/tools/pupy/
- sitemap-all.xml has no accurate lastmod for https://1200km.com/israel-government-threat-actors-cti/tools/pwdump/
- sitemap-all.xml has no accurate lastmod for https://1200km.com/israel-government-threat-actors-cti/tools/quadagent/
- sitemap-all.xml has no accurate lastmod for https://1200km.com/israel-government-threat-actors-cti/tools/rawdisk/
- sitemap-all.xml has no accurate lastmod for https://1200km.com/israel-government-threat-actors-cti/tools/rclone/
- sitemap-all.xml has no accurate lastmod for https://1200km.com/israel-government-threat-actors-cti/tools/rdat/
- sitemap-all.xml has no accurate lastmod for https://1200km.com/israel-government-threat-actors-cti/tools/redalertapk/
- sitemap-all.xml has no accurate lastmod for https://1200km.com/israel-government-threat-actors-cti/tools/reg/
- sitemap-all.xml has no accurate lastmod for https://1200km.com/israel-government-threat-actors-cti/tools/remexi/
- sitemap-all.xml has no accurate lastmod for https://1200km.com/israel-government-threat-actors-cti/tools/remote-monitoring-and-management-tools/
- sitemap-all.xml has no accurate lastmod for https://1200km.com/israel-government-threat-actors-cti/tools/remoteutilities/
- sitemap-all.xml has no accurate lastmod for https://1200km.com/israel-government-threat-actors-cti/tools/rgdoor/
- sitemap-all.xml has no accurate lastmod for https://1200km.com/israel-government-threat-actors-cti/tools/roadsweep/
- sitemap-all.xml has no accurate lastmod for https://1200km.com/israel-government-threat-actors-cti/tools/rustywater/
- sitemap-all.xml has no accurate lastmod for https://1200km.com/israel-government-threat-actors-cti/tools/saitama/
- sitemap-all.xml has no accurate lastmod for https://1200km.com/israel-government-threat-actors-cti/tools/samecoin/
- sitemap-all.xml has no accurate lastmod for https://1200km.com/israel-government-threat-actors-cti/tools/samplecheck5000/
- sitemap-all.xml has no accurate lastmod for https://1200km.com/israel-government-threat-actors-cti/tools/sasheyaway/
- sitemap-all.xml has no accurate lastmod for https://1200km.com/israel-government-threat-actors-cti/tools/seasharpee/
- sitemap-all.xml has no accurate lastmod for https://1200km.com/israel-government-threat-actors-cti/tools/shark/
- sitemap-all.xml has no accurate lastmod for https://1200km.com/israel-government-threat-actors-cti/tools/sharpstats/
- sitemap-all.xml has no accurate lastmod for https://1200km.com/israel-government-threat-actors-cti/tools/sidetwist/
- sitemap-all.xml has no accurate lastmod for https://1200km.com/israel-government-threat-actors-cti/tools/small-sieve/
- sitemap-all.xml has no accurate lastmod for https://1200km.com/israel-government-threat-actors-cti/tools/solar/
- sitemap-all.xml has no accurate lastmod for https://1200km.com/israel-government-threat-actors-cti/tools/spyc23/
- sitemap-all.xml has no accurate lastmod for https://1200km.com/israel-government-threat-actors-cti/tools/standardkeyboard/
- sitemap-all.xml has no accurate lastmod for https://1200km.com/israel-government-threat-actors-cti/tools/starwhale/
- sitemap-all.xml has no accurate lastmod for https://1200km.com/israel-government-threat-actors-cti/tools/stayshante/
- sitemap-all.xml has no accurate lastmod for https://1200km.com/israel-government-threat-actors-cti/tools/sugarush-sugardump/
- sitemap-all.xml has no accurate lastmod for https://1200km.com/israel-government-threat-actors-cti/tools/systeminfo/
- sitemap-all.xml has no accurate lastmod for https://1200km.com/israel-government-threat-actors-cti/tools/tamecat/
- sitemap-all.xml has no accurate lastmod for https://1200km.com/israel-government-threat-actors-cti/tools/tasklist/
- sitemap-all.xml has no accurate lastmod for https://1200km.com/israel-government-threat-actors-cti/tools/templedoor/
- sitemap-all.xml has no accurate lastmod for https://1200km.com/israel-government-threat-actors-cti/tools/templedrop/
- sitemap-all.xml has no accurate lastmod for https://1200km.com/israel-government-threat-actors-cti/tools/templelock/
- sitemap-all.xml has no accurate lastmod for https://1200km.com/israel-government-threat-actors-cti/tools/templeplay/
- sitemap-all.xml has no accurate lastmod for https://1200km.com/israel-government-threat-actors-cti/tools/tsundere-botnet/
- sitemap-all.xml has no accurate lastmod for https://1200km.com/israel-government-threat-actors-cti/tools/unitronics-vision-plc-webhmi/
- sitemap-all.xml has no accurate lastmod for https://1200km.com/israel-government-threat-actors-cti/tools/virogreen/
- …and 4 more
